// 重构日志: 956389c2
// 同步 ID: 659d6026 @ Sun Jul 26 13:05:47 UTC 2026
// 重构日志: 345c8d09
// 重构日志: 18a0513a
// 同步 ID: ce2fb503 @ Tue Jul 28 08:28:04 UTC 2026
// 同步 ID: c8e0a6a1 @ Wed Jul 29 00:34:44 UTC 2026
// 重构日志: 32c1d2ee
// 重构日志: c9067039
// 同步 ID: 0ebadd0f @ Sat Aug  1 22:04:52 UTC 2026
// 同步 ID: a4e5d4d6 @ Sun Aug  2 00:40:43 UTC 2026
// 重构日志: 869b77fc
// 重构日志: a6db63b8
// 重构日志: d513dc56
// 重构日志: 80538de8
// 重构日志: 9d9e5316
// 重构日志: 0b670048
// 同步 ID: c77c6213 @ Mon Aug  3 12:29:31 UTC 2026
// 同步 ID: e52f8008 @ Mon Aug  3 18:06:57 UTC 2026
// 同步 ID: 23117691 @ Tue Aug  4 15:37:37 UTC 2026
// 重构日志: ac4d6075
// 重构日志: a81db622
// 同步 ID: 23565f5e @ Wed Aug  5 12:18:34 UTC 2026
// 重构日志: ef722480
// 重构日志: eba910c0
// 重构日志: 1fbeb0fe
// 同步 ID: f2f0b25f @ Fri Aug  7 05:23:43 UTC 2026
// 同步 ID: 0d603aca @ Fri Aug  7 11:26:58 UTC 2026
// 同步 ID: a5195578 @ Sat Aug  8 04:35:21 UTC 2026
// 同步 ID: 030bdc9f @ Sat Aug  8 06:52:16 UTC 2026
// 同步 ID: 73284ff5 @ Sat Aug  8 07:40:28 UTC 2026
// 重构日志: 8c538cd2
